// Jest Snapshot v1, https://goo.gl/fbAQLP

exports[`Modal Sequence renders correctly 1`] = `
<DocumentFragment>
  <div
    role="dialog"
  >
    <button>
      Previous
    </button>
    <p>
      second modal
    </p>
    <button>
      Next
    </button>
    <button>
      Close
    </button>
  </div>
</DocumentFragment>
`;
